---
source: compiler/parser/src/lexer.rs
expression: tokens
---
[
  Token(
    kind: MODULE_KW,
    len: 6,
  ),
  Token(
    kind: WHITESPACE,
    len: 1,
  ),
  Token(
    kind: TYPE,
    len: 4,
  ),
  Token(
    kind: DOT,
    len: 1,
  ),
  Token(
    kind: TYPE,
    len: 3,
  ),
  Token(
    kind: WHITESPACE,
    len: 1,
  ),
  Token(
    kind: EQUALS,
    len: 1,
  ),
  Token(
    kind: LYT_SEP,
    len: 2,
  ),
  Token(
    kind: IDENT,
    len: 4,
  ),
  Token(
    kind: WHITESPACE,
    len: 1,
  ),
  Token(
    kind: EQUALS,
    len: 1,
  ),
  Token(
    kind: WHITESPACE,
    len: 1,
  ),
  Token(
    kind: INT,
    len: 1,
  ),
  Token(
    kind: LYT_SEP,
    len: 2,
  ),
  Token(
    kind: TYPE_KW,
    len: 4,
  ),
  Token(
    kind: WHITESPACE,
    len: 1,
  ),
  Token(
    kind: TYPE,
    len: 1,
  ),
  Token(
    kind: WHITESPACE,
    len: 1,
  ),
  Token(
    kind: EQUALS,
    len: 1,
  ),
  Token(
    kind: LYT_START,
    len: 5,
  ),
  Token(
    kind: PIPE,
    len: 1,
  ),
  Token(
    kind: WHITESPACE,
    len: 1,
  ),
  Token(
    kind: TYPE,
    len: 1,
  ),
  Token(
    kind: LYT_SEP,
    len: 5,
  ),
  Token(
    kind: PIPE,
    len: 1,
  ),
  Token(
    kind: WHITESPACE,
    len: 1,
  ),
  Token(
    kind: TYPE,
    len: 1,
  ),
  Token(
    kind: LYT_END,
    len: 2,
  ),
  Token(
    kind: LYT_SEP,
    len: 0,
  ),
  Token(
    kind: TRAIT_KW,
    len: 5,
  ),
  Token(
    kind: WHITESPACE,
    len: 1,
  ),
  Token(
    kind: TYPE,
    len: 8,
  ),
  Token(
    kind: WHITESPACE,
    len: 1,
  ),
  Token(
    kind: IDENT,
    len: 4,
  ),
  Token(
    kind: WHITESPACE,
    len: 1,
  ),
  Token(
    kind: IDENT,
    len: 2,
  ),
  Token(
    kind: WHITESPACE,
    len: 1,
  ),
  Token(
    kind: EQUALS,
    len: 1,
  ),
  Token(
    kind: LYT_START,
    len: 5,
  ),
  Token(
    kind: IDENT,
    len: 4,
  ),
  Token(
    kind: WHITESPACE,
    len: 1,
  ),
  Token(
    kind: DBL_COLON,
    len: 2,
  ),
  Token(
    kind: WHITESPACE,
    len: 1,
  ),
  Token(
    kind: IDENT,
    len: 4,
  ),
  Token(
    kind: WHITESPACE,
    len: 1,
  ),
  Token(
    kind: ARROW,
    len: 2,
  ),
  Token(
    kind: WHITESPACE,
    len: 1,
  ),
  Token(
    kind: TYPE,
    len: 6,
  ),
  Token(
    kind: WHITESPACE,
    len: 1,
  ),
  Token(
    kind: IDENT,
    len: 2,
  ),
  Token(
    kind: LYT_END,
    len: 2,
  ),
  Token(
    kind: LYT_SEP,
    len: 0,
  ),
  Token(
    kind: IMPL_KW,
    len: 4,
  ),
  Token(
    kind: WHITESPACE,
    len: 1,
  ),
  Token(
    kind: TYPE,
    len: 8,
  ),
  Token(
    kind: WHITESPACE,
    len: 1,
  ),
  Token(
    kind: TYPE,
    len: 4,
  ),
  Token(
    kind: WHITESPACE,
    len: 1,
  ),
  Token(
    kind: TYPE,
    len: 4,
  ),
  Token(
    kind: WHITESPACE,
    len: 1,
  ),
  Token(
    kind: EQUALS,
    len: 1,
  ),
  Token(
    kind: LYT_START,
    len: 5,
  ),
  Token(
    kind: IDENT,
    len: 4,
  ),
  Token(
    kind: WHITESPACE,
    len: 1,
  ),
  Token(
    kind: IDENT,
    len: 4,
  ),
  Token(
    kind: WHITESPACE,
    len: 1,
  ),
  Token(
    kind: EQUALS,
    len: 1,
  ),
  Token(
    kind: WHITESPACE,
    len: 1,
  ),
  Token(
    kind: UNDERSCORE,
    len: 1,
  ),
  Token(
    kind: LYT_END,
    len: 0,
  ),
  Token(
    kind: LYT_SEP,
    len: 0,
  ),
  Token(
    kind: EOF,
    len: 0,
  ),
]
