---
source: compiler/base_db/src/lib.rs
expression: node
---
([
  Event(
    t: "EnterNode",
    c: (57, false),
  ),
  Event(
    t: "EnterNode",
    c: (64, false),
  ),
  Event(
    t: "Token",
    c: (30, "module"),
  ),
  Event(
    t: "Token",
    c: (1, " "),
  ),
  Event(
    t: "EnterNode",
    c: (84, false),
  ),
  Event(
    t: "EnterNode",
    c: (85, false),
  ),
  Event(
    t: "EnterNode",
    c: (87, false),
  ),
  Event(
    t: "Token",
    c: (7, "Core"),
  ),
  Event(
    t: "LeaveNode",
  ),
  Event(
    t: "LeaveNode",
  ),
  Event(
    t: "Token",
    c: (19, "."),
  ),
  Event(
    t: "EnterNode",
    c: (85, false),
  ),
  Event(
    t: "EnterNode",
    c: (87, false),
  ),
  Event(
    t: "Token",
    c: (7, "Cmp"),
  ),
  Event(
    t: "LeaveNode",
  ),
  Event(
    t: "LeaveNode",
  ),
  Event(
    t: "LeaveNode",
  ),
  Event(
    t: "Token",
    c: (1, " "),
  ),
  Event(
    t: "Token",
    c: (21, "="),
  ),
  Event(
    t: "Token",
    c: (4, "\n\n"),
  ),
  Event(
    t: "EnterNode",
    c: (67, false),
  ),
  Event(
    t: "EnterNode",
    c: (86, false),
  ),
  Event(
    t: "Token",
    c: (6, "main"),
  ),
  Event(
    t: "Token",
    c: (1, " "),
  ),
  Event(
    t: "LeaveNode",
  ),
  Event(
    t: "Token",
    c: (21, "="),
  ),
  Event(
    t: "Token",
    c: (1, " "),
  ),
  Event(
    t: "Token",
    c: (9, "0"),
  ),
  Event(
    t: "LeaveNode",
  ),
  Event(
    t: "Token",
    c: (4, "\n\n"),
  ),
  Event(
    t: "EnterNode",
    c: (68, false),
  ),
  Event(
    t: "Token",
    c: (41, "type"),
  ),
  Event(
    t: "Token",
    c: (1, " "),
  ),
  Event(
    t: "EnterNode",
    c: (86, false),
  ),
  Event(
    t: "Token",
    c: (7, "X"),
  ),
  Event(
    t: "Token",
    c: (1, " "),
  ),
  Event(
    t: "LeaveNode",
  ),
  Event(
    t: "Token",
    c: (21, "="),
  ),
  Event(
    t: "Token",
    c: (3, "\n    "),
  ),
  Event(
    t: "EnterNode",
    c: (77, false),
  ),
  Event(
    t: "Token",
    c: (27, "|"),
  ),
  Event(
    t: "Token",
    c: (1, " "),
  ),
  Event(
    t: "EnterNode",
    c: (86, false),
  ),
  Event(
    t: "Token",
    c: (7, "Y"),
  ),
  Event(
    t: "LeaveNode",
  ),
  Event(
    t: "LeaveNode",
  ),
  Event(
    t: "Token",
    c: (4, "\n    "),
  ),
  Event(
    t: "EnterNode",
    c: (77, false),
  ),
  Event(
    t: "Token",
    c: (27, "|"),
  ),
  Event(
    t: "Token",
    c: (1, " "),
  ),
  Event(
    t: "EnterNode",
    c: (86, false),
  ),
  Event(
    t: "Token",
    c: (7, "Z"),
  ),
  Event(
    t: "LeaveNode",
  ),
  Event(
    t: "LeaveNode",
  ),
  Event(
    t: "Token",
    c: (5, "\n\n"),
  ),
  Event(
    t: "LeaveNode",
  ),
  Event(
    t: "Token",
    c: (4, ""),
  ),
  Event(
    t: "EnterNode",
    c: (69, false),
  ),
  Event(
    t: "Token",
    c: (42, "trait"),
  ),
  Event(
    t: "Token",
    c: (1, " "),
  ),
  Event(
    t: "Token",
    c: (7, "Iterator"),
  ),
  Event(
    t: "Token",
    c: (1, " "),
  ),
  Event(
    t: "Token",
    c: (6, "self"),
  ),
  Event(
    t: "Token",
    c: (1, " "),
  ),
  Event(
    t: "Token",
    c: (6, "it"),
  ),
  Event(
    t: "Token",
    c: (1, " "),
  ),
  Event(
    t: "Token",
    c: (21, "="),
  ),
  Event(
    t: "Token",
    c: (3, "\n    "),
  ),
  Event(
    t: "EnterNode",
    c: (67, false),
  ),
  Event(
    t: "EnterNode",
    c: (86, false),
  ),
  Event(
    t: "Token",
    c: (6, "next"),
  ),
  Event(
    t: "Token",
    c: (1, " "),
  ),
  Event(
    t: "LeaveNode",
  ),
  Event(
    t: "Token",
    c: (25, "::"),
  ),
  Event(
    t: "Token",
    c: (1, " "),
  ),
  Event(
    t: "Token",
    c: (6, "self"),
  ),
  Event(
    t: "Token",
    c: (1, " "),
  ),
  Event(
    t: "Token",
    c: (23, "->"),
  ),
  Event(
    t: "Token",
    c: (1, " "),
  ),
  Event(
    t: "Token",
    c: (7, "Option"),
  ),
  Event(
    t: "Token",
    c: (1, " "),
  ),
  Event(
    t: "Token",
    c: (6, "it"),
  ),
  Event(
    t: "LeaveNode",
  ),
  Event(
    t: "Token",
    c: (5, "\n\n"),
  ),
  Event(
    t: "LeaveNode",
  ),
  Event(
    t: "Token",
    c: (4, ""),
  ),
  Event(
    t: "EnterNode",
    c: (70, false),
  ),
  Event(
    t: "Token",
    c: (43, "impl"),
  ),
  Event(
    t: "Token",
    c: (1, " "),
  ),
  Event(
    t: "Token",
    c: (7, "Iterator"),
  ),
  Event(
    t: "Token",
    c: (1, " "),
  ),
  Event(
    t: "Token",
    c: (7, "Iter"),
  ),
  Event(
    t: "Token",
    c: (1, " "),
  ),
  Event(
    t: "Token",
    c: (7, "Item"),
  ),
  Event(
    t: "Token",
    c: (1, " "),
  ),
  Event(
    t: "Token",
    c: (21, "="),
  ),
  Event(
    t: "Token",
    c: (3, "\n    "),
  ),
  Event(
    t: "EnterNode",
    c: (67, false),
  ),
  Event(
    t: "EnterNode",
    c: (86, false),
  ),
  Event(
    t: "Token",
    c: (6, "next"),
  ),
  Event(
    t: "Token",
    c: (1, " "),
  ),
  Event(
    t: "LeaveNode",
  ),
  Event(
    t: "Token",
    c: (6, "self"),
  ),
  Event(
    t: "Token",
    c: (1, " "),
  ),
  Event(
    t: "Token",
    c: (21, "="),
  ),
  Event(
    t: "Token",
    c: (1, " "),
  ),
  Event(
    t: "Token",
    c: (22, "_"),
  ),
  Event(
    t: "LeaveNode",
  ),
  Event(
    t: "Token",
    c: (5, ""),
  ),
  Event(
    t: "LeaveNode",
  ),
  Event(
    t: "Token",
    c: (4, ""),
  ),
  Event(
    t: "LeaveNode",
  ),
  Event(
    t: "LeaveNode",
  ),
], [])
