---
source: compiler/syntax/src/parsing.rs
expression: parsed
---
Parsed {
    green: HeaderSlice {
        header: HeaderWithLength {
            header: GreenNodeHead {
                kind: SyntaxKind(
                    56,
                ),
                text_len: 154,
                child_hash: 662970387,
            },
            length: 2,
        },
        slice: [
            HeaderSlice {
                header: HeaderWithLength {
                    header: GreenNodeHead {
                        kind: SyntaxKind(
                            57,
                        ),
                        text_len: 154,
                        child_hash: 1981746356,
                    },
                    length: 51,
                },
                slice: [
                    GreenToken {
                        kind: SyntaxKind(
                            32,
                        ),
                        text: Some(
                            Spur(1),
                        ),
                    },
                    GreenToken {
                        kind: SyntaxKind(
                            2,
                        ),
                        text: Some(
                            Spur(2),
                        ),
                    },
                    GreenToken {
                        kind: SyntaxKind(
                            8,
                        ),
                        text: Some(
                            Spur(3),
                        ),
                    },
                    GreenToken {
                        kind: SyntaxKind(
                            21,
                        ),
                        text: Some(
                            Spur(4),
                        ),
                    },
                    GreenToken {
                        kind: SyntaxKind(
                            8,
                        ),
                        text: Some(
                            Spur(5),
                        ),
                    },
                    GreenToken {
                        kind: SyntaxKind(
                            2,
                        ),
                        text: Some(
                            Spur(2),
                        ),
                    },
                    GreenToken {
                        kind: SyntaxKind(
                            23,
                        ),
                        text: Some(
                            Spur(6),
                        ),
                    },
                    GreenToken {
                        kind: SyntaxKind(
                            5,
                        ),
                        text: Some(
                            Spur(7),
                        ),
                    },
                    HeaderSlice {
                        header: HeaderWithLength {
                            header: GreenNodeHead {
                                kind: SyntaxKind(
                                    58,
                                ),
                                text_len: 8,
                                child_hash: 123356734,
                            },
                            length: 5,
                        },
                        slice: [
                            GreenToken {
                                kind: SyntaxKind(
                                    7,
                                ),
                                text: Some(
                                    Spur(8),
                                ),
                            },
                            GreenToken {
                                kind: SyntaxKind(
                                    2,
                                ),
                                text: Some(
                                    Spur(2),
                                ),
                            },
                            GreenToken {
                                kind: SyntaxKind(
                                    23,
                                ),
                                text: Some(
                                    Spur(6),
                                ),
                            },
                            GreenToken {
                                kind: SyntaxKind(
                                    2,
                                ),
                                text: Some(
                                    Spur(2),
                                ),
                            },
                            GreenToken {
                                kind: SyntaxKind(
                                    11,
                                ),
                                text: Some(
                                    Spur(9),
                                ),
                            },
                        ],
                    },
                    GreenToken {
                        kind: SyntaxKind(
                            5,
                        ),
                        text: Some(
                            Spur(7),
                        ),
                    },
                    GreenToken {
                        kind: SyntaxKind(
                            40,
                        ),
                        text: Some(
                            Spur(10),
                        ),
                    },
                    GreenToken {
                        kind: SyntaxKind(
                            2,
                        ),
                        text: Some(
                            Spur(2),
                        ),
                    },
                    GreenToken {
                        kind: SyntaxKind(
                            8,
                        ),
                        text: Some(
                            Spur(11),
                        ),
                    },
                    GreenToken {
                        kind: SyntaxKind(
                            2,
                        ),
                        text: Some(
                            Spur(2),
                        ),
                    },
                    GreenToken {
                        kind: SyntaxKind(
                            23,
                        ),
                        text: Some(
                            Spur(6),
                        ),
                    },
                    GreenToken {
                        kind: SyntaxKind(
                            4,
                        ),
                        text: Some(
                            Spur(12),
                        ),
                    },
                    GreenToken {
                        kind: SyntaxKind(
                            29,
                        ),
                        text: Some(
                            Spur(13),
                        ),
                    },
                    GreenToken {
                        kind: SyntaxKind(
                            2,
                        ),
                        text: Some(
                            Spur(2),
                        ),
                    },
                    GreenToken {
                        kind: SyntaxKind(
                            8,
                        ),
                        text: Some(
                            Spur(14),
                        ),
                    },
                    GreenToken {
                        kind: SyntaxKind(
                            5,
                        ),
                        text: Some(
                            Spur(12),
                        ),
                    },
                    GreenToken {
                        kind: SyntaxKind(
                            29,
                        ),
                        text: Some(
                            Spur(13),
                        ),
                    },
                    GreenToken {
                        kind: SyntaxKind(
                            2,
                        ),
                        text: Some(
                            Spur(2),
                        ),
                    },
                    GreenToken {
                        kind: SyntaxKind(
                            8,
                        ),
                        text: Some(
                            Spur(15),
                        ),
                    },
                    GreenToken {
                        kind: SyntaxKind(
                            6,
                        ),
                        text: Some(
                            Spur(7),
                        ),
                    },
                    GreenToken {
                        kind: SyntaxKind(
                            5,
                        ),
                        text: Some(
                            Spur(16),
                        ),
                    },
                    GreenToken {
                        kind: SyntaxKind(
                            41,
                        ),
                        text: Some(
                            Spur(17),
                        ),
                    },
                    GreenToken {
                        kind: SyntaxKind(
                            2,
                        ),
                        text: Some(
                            Spur(2),
                        ),
                    },
                    GreenToken {
                        kind: SyntaxKind(
                            8,
                        ),
                        text: Some(
                            Spur(18),
                        ),
                    },
                    GreenToken {
                        kind: SyntaxKind(
                            2,
                        ),
                        text: Some(
                            Spur(2),
                        ),
                    },
                    GreenToken {
                        kind: SyntaxKind(
                            7,
                        ),
                        text: Some(
                            Spur(19),
                        ),
                    },
                    GreenToken {
                        kind: SyntaxKind(
                            2,
                        ),
                        text: Some(
                            Spur(2),
                        ),
                    },
                    GreenToken {
                        kind: SyntaxKind(
                            7,
                        ),
                        text: Some(
                            Spur(20),
                        ),
                    },
                    GreenToken {
                        kind: SyntaxKind(
                            2,
                        ),
                        text: Some(
                            Spur(2),
                        ),
                    },
                    GreenToken {
                        kind: SyntaxKind(
                            23,
                        ),
                        text: Some(
                            Spur(6),
                        ),
                    },
                    GreenToken {
                        kind: SyntaxKind(
                            4,
                        ),
                        text: Some(
                            Spur(12),
                        ),
                    },
                    HeaderSlice {
                        header: HeaderWithLength {
                            header: GreenNodeHead {
                                kind: SyntaxKind(
                                    58,
                                ),
                                text_len: 25,
                                child_hash: 16153092,
                            },
                            length: 11,
                        },
                        slice: [
                            GreenToken {
                                kind: SyntaxKind(
                                    7,
                                ),
                                text: Some(
                                    Spur(21),
                                ),
                            },
                            GreenToken {
                                kind: SyntaxKind(
                                    2,
                                ),
                                text: Some(
                                    Spur(2),
                                ),
                            },
                            GreenToken {
                                kind: SyntaxKind(
                                    27,
                                ),
                                text: Some(
                                    Spur(22),
                                ),
                            },
                            GreenToken {
                                kind: SyntaxKind(
                                    2,
                                ),
                                text: Some(
                                    Spur(2),
                                ),
                            },
                            GreenToken {
                                kind: SyntaxKind(
                                    7,
                                ),
                                text: Some(
                                    Spur(19),
                                ),
                            },
                            GreenToken {
                                kind: SyntaxKind(
                                    2,
                                ),
                                text: Some(
                                    Spur(2),
                                ),
                            },
                            GreenToken {
                                kind: SyntaxKind(
                                    25,
                                ),
                                text: Some(
                                    Spur(23),
                                ),
                            },
                            GreenToken {
                                kind: SyntaxKind(
                                    2,
                                ),
                                text: Some(
                                    Spur(2),
                                ),
                            },
                            GreenToken {
                                kind: SyntaxKind(
                                    8,
                                ),
                                text: Some(
                                    Spur(24),
                                ),
                            },
                            GreenToken {
                                kind: SyntaxKind(
                                    2,
                                ),
                                text: Some(
                                    Spur(2),
                                ),
                            },
                            GreenToken {
                                kind: SyntaxKind(
                                    7,
                                ),
                                text: Some(
                                    Spur(20),
                                ),
                            },
                        ],
                    },
                    GreenToken {
                        kind: SyntaxKind(
                            6,
                        ),
                        text: Some(
                            Spur(7),
                        ),
                    },
                    GreenToken {
                        kind: SyntaxKind(
                            5,
                        ),
                        text: Some(
                            Spur(16),
                        ),
                    },
                    GreenToken {
                        kind: SyntaxKind(
                            42,
                        ),
                        text: Some(
                            Spur(25),
                        ),
                    },
                    GreenToken {
                        kind: SyntaxKind(
                            2,
                        ),
                        text: Some(
                            Spur(2),
                        ),
                    },
                    GreenToken {
                        kind: SyntaxKind(
                            8,
                        ),
                        text: Some(
                            Spur(18),
                        ),
                    },
                    GreenToken {
                        kind: SyntaxKind(
                            2,
                        ),
                        text: Some(
                            Spur(2),
                        ),
                    },
                    GreenToken {
                        kind: SyntaxKind(
                            8,
                        ),
                        text: Some(
                            Spur(26),
                        ),
                    },
                    GreenToken {
                        kind: SyntaxKind(
                            2,
                        ),
                        text: Some(
                            Spur(2),
                        ),
                    },
                    GreenToken {
                        kind: SyntaxKind(
                            8,
                        ),
                        text: Some(
                            Spur(27),
                        ),
                    },
                    GreenToken {
                        kind: SyntaxKind(
                            2,
                        ),
                        text: Some(
                            Spur(2),
                        ),
                    },
                    GreenToken {
                        kind: SyntaxKind(
                            23,
                        ),
                        text: Some(
                            Spur(6),
                        ),
                    },
                    GreenToken {
                        kind: SyntaxKind(
                            4,
                        ),
                        text: Some(
                            Spur(12),
                        ),
                    },
                    HeaderSlice {
                        header: HeaderWithLength {
                            header: GreenNodeHead {
                                kind: SyntaxKind(
                                    58,
                                ),
                                text_len: 13,
                                child_hash: 3715232857,
                            },
                            length: 7,
                        },
                        slice: [
                            GreenToken {
                                kind: SyntaxKind(
                                    7,
                                ),
                                text: Some(
                                    Spur(21),
                                ),
                            },
                            GreenToken {
                                kind: SyntaxKind(
                                    2,
                                ),
                                text: Some(
                                    Spur(2),
                                ),
                            },
                            GreenToken {
                                kind: SyntaxKind(
                                    7,
                                ),
                                text: Some(
                                    Spur(19),
                                ),
                            },
                            GreenToken {
                                kind: SyntaxKind(
                                    2,
                                ),
                                text: Some(
                                    Spur(2),
                                ),
                            },
                            GreenToken {
                                kind: SyntaxKind(
                                    23,
                                ),
                                text: Some(
                                    Spur(6),
                                ),
                            },
                            GreenToken {
                                kind: SyntaxKind(
                                    2,
                                ),
                                text: Some(
                                    Spur(2),
                                ),
                            },
                            GreenToken {
                                kind: SyntaxKind(
                                    24,
                                ),
                                text: Some(
                                    Spur(28),
                                ),
                            },
                        ],
                    },
                    GreenToken {
                        kind: SyntaxKind(
                            6,
                        ),
                        text: Some(
                            Spur(16),
                        ),
                    },
                    GreenToken {
                        kind: SyntaxKind(
                            5,
                        ),
                        text: Some(
                            Spur(16),
                        ),
                    },
                ],
            },
            GreenToken {
                kind: SyntaxKind(
                    1,
                ),
                text: Some(
                    Spur(16),
                ),
            },
        ],
    },
    errors: [],
    _marker: PhantomData<fn() -> cstree::syntax::node::SyntaxNode<syntax::syntax_node::Lang>>,
}
